// Vitest Snapshot v1, https://vitest.dev/guide/snapshot.html

exports[`Empty twig 1`] = `"q"`;
